// Jest Snapshot v1, https://goo.gl/fbAQLP

exports[`Home HOC should render correctly 1`] = `
<Provider
  store={
    Object {
      "clearActions": [Function],
      "dispatch": [Function],
      "getActions": [Function],
      "getState": [Function],
      "replaceReducer": [Function],
      "subscribe": [Function],
    }
  }
>
  <Connect(Home)>
    <Home
      dispatch={[Function]}
    >
      <div
        className="Home"
      >
        <HelmetWrapper
          defer={true}
          encodeSpecialCharacters={true}
        >
          <SideEffect(NullComponent)
            defer={true}
            encodeSpecialCharacters={true}
            link={
              Array [
                Object {
                  "href": "apple-touch-icon.png",
                  "rel": "apple-touch-icon",
                  "sizes": "180x180",
                },
                Object {
                  "href": "favicon-32x32.png",
                  "rel": "icon",
                  "sizes": "32x32",
                  "type": "image/png",
                },
                Object {
                  "href": "favicon-16x16.png",
                  "rel": "icon",
                  "sizes": "16x16",
                  "type": "image/png",
                },
                Object {
                  "href": "site.webmanifest",
                  "rel": "manifest",
                },
              ]
            }
            meta={
              Array [
                Object {
                  "charset": "utf-8",
                },
              ]
            }
            title="Daniel Flores ~ @devniel, making ideas happen."
            titleAttributes={Object {}}
          >
            <NullComponent
              defer={true}
              encodeSpecialCharacters={true}
              link={
                Array [
                  Object {
                    "href": "apple-touch-icon.png",
                    "rel": "apple-touch-icon",
                    "sizes": "180x180",
                  },
                  Object {
                    "href": "favicon-32x32.png",
                    "rel": "icon",
                    "sizes": "32x32",
                    "type": "image/png",
                  },
                  Object {
                    "href": "favicon-16x16.png",
                    "rel": "icon",
                    "sizes": "16x16",
                    "type": "image/png",
                  },
                  Object {
                    "href": "site.webmanifest",
                    "rel": "manifest",
                  },
                ]
              }
              meta={
                Array [
                  Object {
                    "charset": "utf-8",
                  },
                ]
              }
              title="Daniel Flores ~ @devniel, making ideas happen."
              titleAttributes={Object {}}
            />
          </SideEffect(NullComponent)>
        </HelmetWrapper>
        <div
          className="Home__header"
        >
          <div
            className="Logo"
          >
            <span
              className="Logo__title"
            >
              devniel
            </span>
            <span
              className="Logo__subtitle"
            >
              just hack
            </span>
          </div>
        </div>
        <div
          className="Home__body"
        >
          <div
            className="Logo"
          >
            <span
              className="Logo__title"
            >
              devniel
            </span>
            <span
              className="Logo__subtitle"
            >
              just hack
            </span>
          </div>
          <Dail
            onClick={[Function]}
            status="making ideas happen"
          >
            <div
              className="Dail"
              onClick={[Function]}
              onKeyUp={[Function]}
              role="button"
              tabIndex={0}
            >
              <div
                className="Dail__image"
              >
                <icon.svg />
              </div>
              <div
                className="Dail__status"
              >
                making ideas happen
              </div>
            </div>
          </Dail>
        </div>
        <div
          className="Home__footer"
        >
          <div
            className="Home__footer-left"
          >
            <BrowserView>
              <div>
                A crafter building things with code
                <br />
                and full-stack software engineer @
                <strong>
                  IBM
                </strong>
                ;
                <br />
                from 
                <em>
                  GraphQL
                </em>
                 with 
                <em>
                  TypeScript
                </em>
                 and 
                <em>
                  Node
                </em>
                 development,
                <br />
                to conversational bots with 
                <em>
                  IBM Watson
                </em>
                 on mobile experiences
                <br />
                 built with 
                <em>
                  React Native
                </em>
                 or desktop clients with 
                <em>
                  Electron
                </em>
                .
              </div>
            </BrowserView>
            <MobileView />
          </div>
          <div
            className="Home__footer-right"
          >
            <div
              className="Home__footer-links"
            >
              <div
                className="Home__footer-link"
              >
                <a
                  href="https://github.com/devniel"
                  target="_blank"
                  title="my github"
                >
                  <github.svg />
                </a>
              </div>
              <div
                className="Home__footer-link"
              >
                <a
                  href="Daniel_Flores_Software-Engineer-IBM_Resume_2019_May.pdf"
                  target="_blank"
                  title="my resume"
                >
                  <resume.svg />
                </a>
              </div>
              <div
                className="Home__footer-link"
              >
                <a
                  href="https://twitter.com/devniel"
                  target="_blank"
                  title="my twitter"
                >
                  <twitter.svg />
                </a>
              </div>
            </div>
          </div>
        </div>
      </div>
    </Home>
  </Connect(Home)>
</Provider>
`;
